<_io.TextIOWrapper name='<stdout>' mode='w' encoding='UTF-8'>
8
{1: ['ret'], 2: ['x'], 4: ['ret'], 6: ['ret'], 8: ['ret']}

{1: [{'time': 0, '#': '', '$': '', 'l': '[0, 1, 0, 1, 2, 3]', 'lineno': 1, 'next_lineno': 2}], 2: [{'time': 1, '#': '', '$': '', 'l': '[0, 1, 0, 1, 2, 3]', 'ret': '0', 'lineno': 2, 'prev_lineno': 1, 'next_lineno': 3}, {'time': 5, '#': '0', '$': '2', 'l': '[0, 1, 0, 1, 2, 3]', 'ret': '4', 'x': '0', 'lineno': 2, 'prev_lineno': 6, 'next_lineno': 3}, {'time': 8, '#': '1', '$': '2', 'l': '[0, 1, 0, 1, 2, 3]', 'ret': '6', 'x': '1', 'lineno': 2, 'prev_lineno': 4, 'next_lineno': 3}, {'time': 12, '#': '2', '$': '2', 'l': '[0, 1, 0, 1, 2, 3]', 'ret': '10', 'x': '0', 'lineno': 2, 'prev_lineno': 6, 'next_lineno': 3}, {'time': 15, '#': '3', '$': '2', 'l': '[0, 1, 0, 1, 2, 3]', 'ret': '12', 'x': '1', 'lineno': 2, 'prev_lineno': 4, 'next_lineno': 3}, {'time': 19, '#': '4', '$': '2', 'l': '[0, 1, 0, 1, 2, 3]', 'ret': '10', 'x': '2', 'lineno': 2, 'prev_lineno': 8, 'next_lineno': 3}, {'time': 23, '#': '5', '$': '2', 'l': '[0, 1, 0, 1, 2, 3]', 'ret': '8', 'x': '3', 'lineno': 2, 'prev_lineno': 8, 'next_lineno': 9}], 3: [{'begin_loop': '0', '#': '0', '$': '2'}, {'time': 2, '#': '0', '$': '2', 'l': '[0, 1, 0, 1, 2, 3]', 'ret': '0', 'x': '0', 'lineno': 3, 'prev_lineno': 2, 'next_lineno': 5}, {'time': 6, '#': '1', '$': '2', 'l': '[0, 1, 0, 1, 2, 3]', 'ret': '4', 'x': '1', 'lineno': 3, 'prev_lineno': 2, 'next_lineno': 4}, {'time': 9, '#': '2', '$': '2', 'l': '[0, 1, 0, 1, 2, 3]', 'ret': '6', 'x': '0', 'lineno': 3, 'prev_lineno': 2, 'next_lineno': 5}, {'time': 13, '#': '3', '$': '2', 'l': '[0, 1, 0, 1, 2, 3]', 'ret': '10', 'x': '1', 'lineno': 3, 'prev_lineno': 2, 'next_lineno': 4}, {'time': 16, '#': '4', '$': '2', 'l': '[0, 1, 0, 1, 2, 3]', 'ret': '12', 'x': '2', 'lineno': 3, 'prev_lineno': 2, 'next_lineno': 5}, {'time': 20, '#': '5', '$': '2', 'l': '[0, 1, 0, 1, 2, 3]', 'ret': '10', 'x': '3', 'lineno': 3, 'prev_lineno': 2, 'next_lineno': 5}, {'end_loop': '6', '#': '6', '$': '2'}], 4: [{'begin_loop': '0', '#': '0', '$': '2'}, {'time': 7, '#': '1', '$': '2', 'l': '[0, 1, 0, 1, 2, 3]', 'ret': '4', 'x': '1', 'lineno': 4, 'prev_lineno': 3, 'next_lineno': 2}, {'time': 14, '#': '3', '$': '2', 'l': '[0, 1, 0, 1, 2, 3]', 'ret': '10', 'x': '1', 'lineno': 4, 'prev_lineno': 3, 'next_lineno': 2}, {'end_loop': '6', '#': '6', '$': '2'}], 5: [{'begin_loop': '0', '#': '0', '$': '2'}, {'time': 3, '#': '0', '$': '2', 'l': '[0, 1, 0, 1, 2, 3]', 'ret': '0', 'x': '0', 'lineno': 5, 'prev_lineno': 3, 'next_lineno': 6}, {'time': 10, '#': '2', '$': '2', 'l': '[0, 1, 0, 1, 2, 3]', 'ret': '6', 'x': '0', 'lineno': 5, 'prev_lineno': 3, 'next_lineno': 6}, {'time': 17, '#': '4', '$': '2', 'l': '[0, 1, 0, 1, 2, 3]', 'ret': '12', 'x': '2', 'lineno': 5, 'prev_lineno': 3, 'next_lineno': 8}, {'time': 21, '#': '5', '$': '2', 'l': '[0, 1, 0, 1, 2, 3]', 'ret': '10', 'x': '3', 'lineno': 5, 'prev_lineno': 3, 'next_lineno': 8}, {'end_loop': '6', '#': '6', '$': '2'}], 6: [{'begin_loop': '0', '#': '0', '$': '2'}, {'time': 4, '#': '0', '$': '2', 'l': '[0, 1, 0, 1, 2, 3]', 'ret': '0', 'x': '0', 'lineno': 6, 'prev_lineno': 5, 'next_lineno': 2}, {'time': 11, '#': '2', '$': '2', 'l': '[0, 1, 0, 1, 2, 3]', 'ret': '6', 'x': '0', 'lineno': 6, 'prev_lineno': 5, 'next_lineno': 2}, {'end_loop': '6', '#': '6', '$': '2'}], 7: [{'begin_loop': '0', '#': '0', '$': '2'}, {'end_loop': '6', '#': '6', '$': '2'}], 8: [{'begin_loop': '0', '#': '0', '$': '2'}, {'time': 18, '#': '4', '$': '2', 'l': '[0, 1, 0, 1, 2, 3]', 'ret': '12', 'x': '2', 'lineno': 8, 'prev_lineno': 5, 'next_lineno': 2}, {'time': 22, '#': '5', '$': '2', 'l': '[0, 1, 0, 1, 2, 3]', 'ret': '10', 'x': '3', 'lineno': 8, 'prev_lineno': 5, 'next_lineno': 2}, {'end_loop': '6', '#': '6', '$': '2'}], 9: [{'time': 24, '#': '', '$': '', 'l': '[0, 1, 0, 1, 2, 3]', 'ret': '8', 'x': '3', 'lineno': 9, 'prev_lineno': 2, 'next_lineno': 'R9'}], 'R9': [{'time': 25, '#': '', '$': '', 'l': '[0, 1, 0, 1, 2, 3]', 'ret': '8', 'x': '3', 'lineno': 'R9', 'prev_lineno': 9}]}
Time: 0.0015058517456054688
